
> zopmop-app@1.0.0 ios
> expo run:ios

env: load .env
env: export EXPO_PUBLIC_API_URL GOOGLE_MAPS_API_KEY
› Planning build
› Executing react-native Pods/ReactNativeDependencies » [CP-User] [RNDeps] Replace React Native Dependencies for the right configuration, if needed
› Executing react-native Pods/hermes-engine » [CP-User] [Hermes] Replace Hermes for the right configuration, if needed
› Preparing Pods/react-native-maps-GoogleMapsPrivacy » ResourceBundle-GoogleMapsPrivacy-react-native-maps-Info.plist
› Preparing Pods/lottie-react-native-Lottie_React_Native_Privacy » ResourceBundle-Lottie_React_Native_Privacy-lottie-react-native-Info.plist
› Preparing Pods/RNSVG-RNSVGFilters » ResourceBundle-RNSVGFilters-RNSVG-Info.plist
› Preparing Pods/FirebaseCore-FirebaseCore_Privacy » ResourceBundle-FirebaseCore_Privacy-FirebaseCore-Info.plist
› Preparing Pods/ExpoFileSystem-ExpoFileSystem_privacy » ResourceBundle-ExpoFileSystem_privacy-ExpoFileSystem-Info.plist
› Preparing Pods/lottie-ios-LottiePrivacyInfo » ResourceBundle-LottiePrivacyInfo-lottie-ios-Info.plist
› Preparing expo-dev-menu-interface Pods/expo-dev-menu-interface » expo-dev-menu-interface-Info.plist
› Preparing react-native-pager-view Pods/SwiftUIIntrospect » SwiftUIIntrospect-Info.plist
› Preparing @react-native-firebase/auth Pods/RecaptchaInterop » RecaptchaInterop-Info.plist
› Preparing Pods/React-cxxreact-React-cxxreact_privacy » ResourceBundle-React-cxxreact_privacy-React-cxxreact-Info.plist
› Preparing lottie-react-native Pods/lottie-ios » lottie-ios-Info.plist
› Preparing Pods/React-Core-React-Core_privacy » ResourceBundle-React-Core_privacy-React-Core-Info.plist
› Preparing Pods/expo-dev-launcher-EXDevLauncher » ResourceBundle-EXDevLauncher-expo-dev-launcher-Info.plist
› Preparing Pods/GoogleUtilities-GoogleUtilities_Privacy » ResourceBundle-GoogleUtilities_Privacy-GoogleUtilities-Info.plist
› Preparing Pods/GoogleMaps-GoogleMapsResources » ResourceBundle-GoogleMapsResources-GoogleMaps-Info.plist
› Preparing Pods/GTMSessionFetcher-GTMSessionFetcher_Core_Privacy » ResourceBundle-GTMSessionFetcher_Core_Privacy-GTMSessionFetcher-Info.plist
› Preparing Pods/FirebaseCoreInternal-FirebaseCoreInternal_Privacy » ResourceBundle-FirebaseCoreInternal_Privacy-FirebaseCoreInternal-Info.plist
› Preparing Pods/FirebaseCoreExtension-FirebaseCoreExtension_Privacy » ResourceBundle-FirebaseCoreExtension_Privacy-FirebaseCoreExtension-Info.plist
› Preparing @react-native-firebase/auth Pods/FirebaseAuthInterop » FirebaseAuthInterop-Info.plist
› Preparing Pods/FirebaseAuth-FirebaseAuth_Privacy » ResourceBundle-FirebaseAuth_Privacy-FirebaseAuth-Info.plist
› Preparing Pods/GoogleUtilities » GoogleUtilities-Info.plist
› Preparing @react-native-firebase/auth Pods/FirebaseAppCheckInterop » FirebaseAppCheckInterop-Info.plist
› Preparing Pods/ExpoDevice-ExpoDevice_privacy » ResourceBundle-ExpoDevice_privacy-ExpoDevice-Info.plist
› Preparing expo-json-utils Pods/EXJSONUtils » EXJSONUtils-Info.plist
› Preparing Pods/EXConstants-ExpoConstants_privacy » ResourceBundle-ExpoConstants_privacy-EXConstants-Info.plist
› Preparing zopmop-app Pods/Google-Maps-iOS-Utils » Google-Maps-iOS-Utils-Info.plist
› Preparing Pods/GTMSessionFetcher » GTMSessionFetcher-Info.plist
› Preparing @react-native-firebase/auth Pods/FirebaseCoreInternal » FirebaseCoreInternal-Info.plist
› Preparing expo-constants Pods/EXConstants-EXConstants » ResourceBundle-EXConstants-EXConstants-Info.plist
› Preparing @react-native-firebase/auth Pods/FirebaseCore » FirebaseCore-Info.plist
› Preparing @react-native-firebase/auth Pods/FirebaseCoreExtension » FirebaseCoreExtension-Info.plist
› Preparing @react-native-firebase/auth Pods/FirebaseAuth » FirebaseAuth-Info.plist
› Executing react-native Pods/React-Core-prebuilt » [CP-User] [RNDeps] Replace React Native Core for the right configuration, if needed
› Executing react-native Pods/React-RCTFBReactNativeSpec » [CP-User] [RN]Check FBReactNativeSpec
    Run script build phase 'Create Symlinks to Header Folders' will be run during every build because it does not specify any outputs. To address this issue, either add output dependencies to the script phase, or configure it to run in every build by unchecking "Based on dependency analysis" in the script phase. (in target 'ReactCodegen' from project 'Pods')
› Preparing zopmop-app Pods/ReactCodegen » ReactCodegen-Info.plist
› Preparing react-native-razorpay Pods/react-native-razorpay » react-native-razorpay-Info.plist
› Executing zopmop-app Pods/ReactCodegen » Create Symlinks to Header Folders
› Preparing lottie-react-native Pods/lottie-react-native » lottie-react-native-Info.plist
› Preparing react-native-pager-view Pods/react-native-pager-view » react-native-pager-view-Info.plist
› Preparing Pods/expo-dev-menu-EXDevMenu » ResourceBundle-EXDevMenu-expo-dev-menu-Info.plist
› Preparing react-native-safe-area-context Pods/react-native-safe-area-context » react-native-safe-area-context-Info.plist
› Preparing react-native-worklets Pods/RNWorklets » RNWorklets-Info.plist
› Preparing zopmop-app Pods/react-native-maps » react-native-maps-Info.plist
› Preparing react-native-screens Pods/RNScreens » RNScreens-Info.plist
› Preparing react-native-svg Pods/RNSVG » RNSVG-Info.plist
› Executing zopmop-app Pods/react-native-maps » [CP-User] react-native-maps patches
› Executing react-native-worklets Pods/RNWorklets » Create Symlinks to Header Folders
› Executing expo-constants Pods/EXConstants » [CP-User] Generate app.config for prebuilt Constants.manifest
› Preparing react-native-gesture-handler Pods/RNGestureHandler » RNGestureHandler-Info.plist
› Preparing @react-native-firebase/app Pods/RNFBApp » RNFBApp-Info.plist
› Preparing expo-splash-screen Pods/ExpoSplashScreen » ExpoSplashScreen-Info.plist
› Preparing expo-secure-store Pods/ExpoSecureStore » ExpoSecureStore-Info.plist
› Preparing expo-location Pods/ExpoLocation » ExpoLocation-Info.plist
› Preparing expo-keep-awake Pods/ExpoKeepAwake » ExpoKeepAwake-Info.plist
› Preparing expo-font Pods/ExpoFont » ExpoFont-Info.plist
› Preparing @react-native-firebase/auth Pods/RNFBAuth » RNFBAuth-Info.plist
› Preparing expo-file-system Pods/ExpoFileSystem » ExpoFileSystem-Info.plist
› Preparing expo-device Pods/ExpoDevice » ExpoDevice-Info.plist
› Preparing expo-asset Pods/ExpoAsset » ExpoAsset-Info.plist
› Preparing expo-updates-interface Pods/EXUpdatesInterface » EXUpdatesInterface-Info.plist
› Preparing expo-manifests Pods/EXManifests » EXManifests-Info.plist
› Preparing expo-constants Pods/EXConstants » EXConstants-Info.plist
› Preparing expo-dev-launcher Pods/expo-dev-launcher » expo-dev-launcher-Info.plist
› Preparing react-native-reanimated Pods/RNReanimated » RNReanimated-Info.plist
› Executing react-native-reanimated Pods/RNReanimated » Create Symlinks to Header Folders
› Compiling react-native-maps Pods/react-native-maps » PlaceHolderGoogleMapView.mm
› Compiling react-native-maps Pods/react-native-maps » PlaceHolderPolygonView.mm
› Signing   zopmop-app Pods/react-native-maps » ReactNativeMaps.framework
› Preparing Pods/Pods-zopmopapp » Pods-zopmopapp-Info.plist
    Run script build phase '[CP-User] [RNFB] Core Configuration' will be run during every build because it does not specify any outputs. To address this issue, either add output dependencies to the script phase, or configure it to run in every build by unchecking "Based on dependency analysis" in the script phase. (in target 'zopmopapp' from project 'zopmopapp')
› Executing zopmopapp » [Expo] Configure project
› Preparing zopmopapp » Info.plist
› Linking   zopmopapp » zopmopapp.debug.dylib
› Generating debug zopmopapp » zopmopapp.app.dSYM
› Linking   zopmopapp » zopmopapp
› Generating debug zopmopapp » zopmopapp.app.dSYM
› Executing zopmopapp » Bundle React Native code and images
› Executing zopmopapp » [CP] Copy Pods Resources
› Executing zopmopapp » [CP-User] [RNFB] Core Configuration
      A firebase.json file was not found, whilst this file is optional it is recommended to include it to configure firebase services in React Native Firebase.
› Signing   zopmopapp » zopmopapp.debug.dylib
› Signing   zopmopapp » __preview.dylib
› Signing   zopmopapp » zopmopapp.app
    Run script build phase '[CP-User] [Hermes] Replace Hermes for the right configuration, if needed' will be run during every build because it does not specify any outputs. To address this issue, either add output dependencies to the script phase, or configure it to run in every build by unchecking "Based on dependency analysis" in the script phase. (in target 'hermes-engine' from project 'Pods')
    Run script build phase 'Create Symlinks to Header Folders' will be run during every build because it does not specify any outputs. To address this issue, either add output dependencies to the script phase, or configure it to run in every build by unchecking "Based on dependency analysis" in the script phase. (in target 'RNWorklets' from project 'Pods')
    Run script build phase '[CP-User] react-native-maps patches' will be run during every build because it does not specify any outputs. To address this issue, either add output dependencies to the script phase, or configure it to run in every build by unchecking "Based on dependency analysis" in the script phase. (in target 'react-native-maps' from project 'Pods')
    Run script build phase 'Create Symlinks to Header Folders' will be run during every build because it does not specify any outputs. To address this issue, either add output dependencies to the script phase, or configure it to run in every build by unchecking "Based on dependency analysis" in the script phase. (in target 'RNReanimated' from project 'Pods')
› Build Succeeded

› 0 error(s), and 7 warning(s)

Starting Metro Bundler
Waiting on http://localhost:8081
› Installing /Users/adityarohilla/Library/Developer/Xcode/DerivedData/zopmopapp-anqecwiybfmfnpgbsbhxxptpdyuh/Build/Products/Debug-iphonesimulator/zopmopapp.app
› Installing on iPhone 17
› Opening on iPhone 17 (com.zopmop.app)
› Opening exp+zopmop-app://expo-development-client/?url=http%3A%2F%2F172.20.10.5%3A8081 on iPhone 17

› Logs for your project will appear below.
iOS ./index.ts ▓░░░░░░░░░░░░░░░ 11.1% ( 7/21)
iOS ./index.ts ▓▓▓▓▓░░░░░░░░░░░ 37.3% (430/704)
iOS ./index.ts ▓▓▓▓▓▓▓▓▓░░░░░░░ 62.0% ( 926/1216)
iOS ./index.ts ▓▓▓▓▓▓▓▓▓▓▓▓▓▓▓░ 95.2% (1461/1521)
iOS ./index.ts ▓▓▓▓▓▓▓▓▓▓▓▓▓▓▓░ 99.9% (1775/1776)
iOS ./index.ts ▓▓▓▓▓▓▓▓▓▓▓▓▓▓▓░ 99.9% (1776/1776)
iOS Bundled 21585ms index.ts (1786 modules)
 WARN  [Security Warning] API traffic is using plaintext HTTP. Switch EXPO_PUBLIC_API_URL to an https:// URL before releasing to production.
 INFO  [Auth] server unreachable — restoring from cache
 INFO  [Auth] session restored from cache
[UIKitCore] Snapshotting a view (0x103238600, RNSScreenView) that is not in a
visible window requires afterScreenUpdates:YES.
iOS ./index.ts ░░░░░░░░░░░░░░░░  0.0% (0/1)
iOS Bundled 135ms index.ts (1 module)
 WARN  [Security Warning] API traffic is using plaintext HTTP. Switch EXPO_PUBLIC_API_URL to an https:// URL before releasing to production.
 INFO  [Auth] server unreachable — restoring from cache
 INFO  [Auth] session restored from cache
[CoreUI] CoreUI: CUIThemeStore: No theme registered with id=0
[CoreHaptics]        CHHapticPattern.mm:487   +[CHHapticPattern
patternForKey:error:]: Failed to read pattern library data: Error
Domain=NSCocoaErrorDomain Code=260 "The file “hapticpatternlibrary.plist”
couldn’t be opened because there is no such file."
UserInfo={NSFilePath=/Library/Audio/Tunings/Generic/Haptics/Library/hapticpatternlibrary.plist,
NSURL=file:///Library/Audio/Tunings/Generic/Haptics/Library/hapticpatternlibrary.plist,
NSUnderlyingError=0x12b913fc0 {Error Domain=NSPOSIXErrorDomain Code=2 "No such
file or directory"}}
[UIKitCore] <_UIKBFeedbackGenerator: 0x125d25980>: Error creating
CHHapticPattern: Error Domain=NSCocoaErrorDomain Code=260 "The file
“hapticpatternlibrary.plist” couldn’t be opened because there is no such file."
UserInfo={NSFilePath=/Library/Audio/Tunings/Generic/Haptics/Library/hapticpatternlibrary.plist,
NSURL=file:///Library/Audio/Tunings/Generic/Haptics/Library/hapticpatternlibrary.plist,
NSUnderlyingError=0x12b913fc0 {Error Domain=NSPOSIXErrorDomain Code=2 "No such
file or directory"}}
[CoreHaptics]        CHHapticPattern.mm:487   +[CHHapticPattern
patternForKey:error:]: Failed to read pattern library data: Error
Domain=NSCocoaErrorDomain Code=260 "The file “hapticpatternlibrary.plist”
couldn’t be opened because there is no such file."
UserInfo={NSFilePath=/Library/Audio/Tunings/Generic/Haptics/Library/hapticpatternlibrary.plist,
NSURL=file:///Library/Audio/Tunings/Generic/Haptics/Library/hapticpatternlibrary.plist,
NSUnderlyingError=0x12ba54480 {Error Domain=NSPOSIXErrorDomain Code=2 "No such
file or directory"}}
[UIKitCore] <_UIKBFeedbackGenerator: 0x125d25980>: Error creating
CHHapticPattern: Error Domain=NSCocoaErrorDomain Code=260 "The file
“hapticpatternlibrary.plist” couldn’t be opened because there is no such file."
UserInfo={NSFilePath=/Library/Audio/Tunings/Generic/Haptics/Library/hapticpatternlibrary.plist,
NSURL=file:///Library/Audio/Tunings/Generic/Haptics/Library/hapticpatternlibrary.plist,
NSUnderlyingError=0x12ba54480 {Error Domain=NSPOSIXErrorDomain Code=2 "No such
file or directory"}}
[CoreHaptics]        CHHapticPattern.mm:487   +[CHHapticPattern
patternForKey:error:]: Failed to read pattern library data: Error
Domain=NSCocoaErrorDomain Code=260 "The file “hapticpatternlibrary.plist”
couldn’t be opened because there is no such file."
UserInfo={NSFilePath=/Library/Audio/Tunings/Generic/Haptics/Library/hapticpatternlibrary.plist,
NSURL=file:///Library/Audio/Tunings/Generic/Haptics/Library/hapticpatternlibrary.plist,
NSUnderlyingError=0x12ba544b0 {Error Domain=NSPOSIXErrorDomain Code=2 "No such
file or directory"}}
[UIKitCore] <_UIKBFeedbackGenerator: 0x125d25980>: Error creating
CHHapticPattern: Error Domain=NSCocoaErrorDomain Code=260 "The file
“hapticpatternlibrary.plist” couldn’t be opened because there is no such file."
UserInfo={NSFilePath=/Library/Audio/Tunings/Generic/Haptics/Library/hapticpatternlibrary.plist,
NSURL=file:///Library/Audio/Tunings/Generic/Haptics/Library/hapticpatternlibrary.plist,
NSUnderlyingError=0x12ba544b0 {Error Domain=NSPOSIXErrorDomain Code=2 "No such
file or directory"}}
[CoreHaptics]        CHHapticPattern.mm:487   +[CHHapticPattern
patternForKey:error:]: Failed to read pattern library data: Error
Domain=NSCocoaErrorDomain Code=260 "The file “hapticpatternlibrary.plist”
couldn’t be opened because there is no such file."
UserInfo={NSFilePath=/Library/Audio/Tunings/Generic/Haptics/Library/hapticpatternlibrary.plist,
NSURL=file:///Library/Audio/Tunings/Generic/Haptics/Library/hapticpatternlibrary.plist,
NSUnderlyingError=0x12ba54480 {Error Domain=NSPOSIXErrorDomain Code=2 "No such
file or directory"}}
[UIKitCore] <_UIKBFeedbackGenerator: 0x125d25980>: Error creating
CHHapticPattern: Error Domain=NSCocoaErrorDomain Code=260 "The file
“hapticpatternlibrary.plist” couldn’t be opened because there is no such file."
UserInfo={NSFilePath=/Library/Audio/Tunings/Generic/Haptics/Library/hapticpatternlibrary.plist,
NSURL=file:///Library/Audio/Tunings/Generic/Haptics/Library/hapticpatternlibrary.plist,
NSUnderlyingError=0x12ba54480 {Error Domain=NSPOSIXErrorDomain Code=2 "No such
file or directory"}}
[CoreHaptics]        CHHapticPattern.mm:487   +[CHHapticPattern
patternForKey:error:]: Failed to read pattern library data: Error
Domain=NSCocoaErrorDomain Code=260 "The file “hapticpatternlibrary.plist”
couldn’t be opened because there is no such file."
UserInfo={NSFilePath=/Library/Audio/Tunings/Generic/Haptics/Library/hapticpatternlibrary.plist,
NSURL=file:///Library/Audio/Tunings/Generic/Haptics/Library/hapticpatternlibrary.plist,
NSUnderlyingError=0x12ba544b0 {Error Domain=NSPOSIXErrorDomain Code=2 "No such
file or directory"}}
[UIKitCore] <_UIKBFeedbackGenerator: 0x125d25980>: Error creating
CHHapticPattern: Error Domain=NSCocoaErrorDomain Code=260 "The file
“hapticpatternlibrary.plist” couldn’t be opened because there is no such file."
UserInfo={NSFilePath=/Library/Audio/Tunings/Generic/Haptics/Library/hapticpatternlibrary.plist,
NSURL=file:///Library/Audio/Tunings/Generic/Haptics/Library/hapticpatternlibrary.plist,
NSUnderlyingError=0x12ba544b0 {Error Domain=NSPOSIXErrorDomain Code=2 "No such
file or directory"}}
[CoreHaptics]        CHHapticPattern.mm:487   +[CHHapticPattern
patternForKey:error:]: Failed to read pattern library data: Error
Domain=NSCocoaErrorDomain Code=260 "The file “hapticpatternlibrary.plist”
couldn’t be opened because there is no such file."
UserInfo={NSFilePath=/Library/Audio/Tunings/Generic/Haptics/Library/hapticpatternlibrary.plist,
NSURL=file:///Library/Audio/Tunings/Generic/Haptics/Library/hapticpatternlibrary.plist,
NSUnderlyingError=0x12ba54480 {Error Domain=NSPOSIXErrorDomain Code=2 "No such
file or directory"}}
[UIKitCore] <_UIKBFeedbackGenerator: 0x125d25980>: Error creating
CHHapticPattern: Error Domain=NSCocoaErrorDomain Code=260 "The file
“hapticpatternlibrary.plist” couldn’t be opened because there is no such file."
UserInfo={NSFilePath=/Library/Audio/Tunings/Generic/Haptics/Library/hapticpatternlibrary.plist,
NSURL=file:///Library/Audio/Tunings/Generic/Haptics/Library/hapticpatternlibrary.plist,
NSUnderlyingError=0x12ba54480 {Error Domain=NSPOSIXErrorDomain Code=2 "No such
file or directory"}}
[CoreHaptics]        CHHapticPattern.mm:487   +[CHHapticPattern
patternForKey:error:]: Failed to read pattern library data: Error
Domain=NSCocoaErrorDomain Code=260 "The file “hapticpatternlibrary.plist”
couldn’t be opened because there is no such file."
UserInfo={NSFilePath=/Library/Audio/Tunings/Generic/Haptics/Library/hapticpatternlibrary.plist,
NSURL=file:///Library/Audio/Tunings/Generic/Haptics/Library/hapticpatternlibrary.plist,
NSUnderlyingError=0x12ba544b0 {Error Domain=NSPOSIXErrorDomain Code=2 "No such
file or directory"}}
[UIKitCore] <_UIKBFeedbackGenerator: 0x125d25980>: Error creating
CHHapticPattern: Error Domain=NSCocoaErrorDomain Code=260 "The file
“hapticpatternlibrary.plist” couldn’t be opened because there is no such file."
UserInfo={NSFilePath=/Library/Audio/Tunings/Generic/Haptics/Library/hapticpatternlibrary.plist,
NSURL=file:///Library/Audio/Tunings/Generic/Haptics/Library/hapticpatternlibrary.plist,
NSUnderlyingError=0x12ba544b0 {Error Domain=NSPOSIXErrorDomain Code=2 "No such
file or directory"}}
[CoreHaptics]        CHHapticPattern.mm:487   +[CHHapticPattern
patternForKey:error:]: Failed to read pattern library data: Error
Domain=NSCocoaErrorDomain Code=260 "The file “hapticpatternlibrary.plist”
couldn’t be opened because there is no such file."
UserInfo={NSFilePath=/Library/Audio/Tunings/Generic/Haptics/Library/hapticpatternlibrary.plist,
NSURL=file:///Library/Audio/Tunings/Generic/Haptics/Library/hapticpatternlibrary.plist,
NSUnderlyingError=0x12ba54480 {Error Domain=NSPOSIXErrorDomain Code=2 "No such
file or directory"}}
[UIKitCore] <_UIKBFeedbackGenerator: 0x125d25980>: Error creating
CHHapticPattern: Error Domain=NSCocoaErrorDomain Code=260 "The file
“hapticpatternlibrary.plist” couldn’t be opened because there is no such file."
UserInfo={NSFilePath=/Library/Audio/Tunings/Generic/Haptics/Library/hapticpatternlibrary.plist,
NSURL=file:///Library/Audio/Tunings/Generic/Haptics/Library/hapticpatternlibrary.plist,
NSUnderlyingError=0x12ba54480 {Error Domain=NSPOSIXErrorDomain Code=2 "No such
file or directory"}}
[CoreHaptics]        CHHapticPattern.mm:487   +[CHHapticPattern
patternForKey:error:]: Failed to read pattern library data: Error
Domain=NSCocoaErrorDomain Code=260 "The file “hapticpatternlibrary.plist”
couldn’t be opened because there is no such file."
UserInfo={NSFilePath=/Library/Audio/Tunings/Generic/Haptics/Library/hapticpatternlibrary.plist,
NSURL=file:///Library/Audio/Tunings/Generic/Haptics/Library/hapticpatternlibrary.plist,
NSUnderlyingError=0x12ba544b0 {Error Domain=NSPOSIXErrorDomain Code=2 "No such
file or directory"}}
[UIKitCore] <_UIKBFeedbackGenerator: 0x125d25980>: Error creating
CHHapticPattern: Error Domain=NSCocoaErrorDomain Code=260 "The file
“hapticpatternlibrary.plist” couldn’t be opened because there is no such file."
UserInfo={NSFilePath=/Library/Audio/Tunings/Generic/Haptics/Library/hapticpatternlibrary.plist,
NSURL=file:///Library/Audio/Tunings/Generic/Haptics/Library/hapticpatternlibrary.plist,
NSUnderlyingError=0x12ba544b0 {Error Domain=NSPOSIXErrorDomain Code=2 "No such
file or directory"}}
[TextInputUI] Result accumulator timeout: 0.250000, exceeded.
[CoreHaptics]        CHHapticPattern.mm:487   +[CHHapticPattern
patternForKey:error:]: Failed to read pattern library data: Error
Domain=NSCocoaErrorDomain Code=260 "The file “hapticpatternlibrary.plist”
couldn’t be opened because there is no such file."
UserInfo={NSFilePath=/Library/Audio/Tunings/Generic/Haptics/Library/hapticpatternlibrary.plist,
NSURL=file:///Library/Audio/Tunings/Generic/Haptics/Library/hapticpatternlibrary.plist,
NSUnderlyingError=0x12bacbdb0 {Error Domain=NSPOSIXErrorDomain Code=2 "No such
file or directory"}}
[UIKitCore] <_UIKBFeedbackGenerator: 0x125d25980>: Error creating
CHHapticPattern: Error Domain=NSCocoaErrorDomain Code=260 "The file
“hapticpatternlibrary.plist” couldn’t be opened because there is no such file."
UserInfo={NSFilePath=/Library/Audio/Tunings/Generic/Haptics/Library/hapticpatternlibrary.plist,
NSURL=file:///Library/Audio/Tunings/Generic/Haptics/Library/hapticpatternlibrary.plist,
NSUnderlyingError=0x12bacbdb0 {Error Domain=NSPOSIXErrorDomain Code=2 "No such
file or directory"}}
[CoreHaptics]        CHHapticPattern.mm:487   +[CHHapticPattern
patternForKey:error:]: Failed to read pattern library data: Error
Domain=NSCocoaErrorDomain Code=260 "The file “hapticpatternlibrary.plist”
couldn’t be opened because there is no such file."
UserInfo={NSFilePath=/Library/Audio/Tunings/Generic/Haptics/Library/hapticpatternlibrary.plist,
NSURL=file:///Library/Audio/Tunings/Generic/Haptics/Library/hapticpatternlibrary.plist,
NSUnderlyingError=0x12bacae20 {Error Domain=NSPOSIXErrorDomain Code=2 "No such
file or directory"}}
[UIKitCore] <_UIKBFeedbackGenerator: 0x125d25980>: Error creating
CHHapticPattern: Error Domain=NSCocoaErrorDomain Code=260 "The file
“hapticpatternlibrary.plist” couldn’t be opened because there is no such file."
UserInfo={NSFilePath=/Library/Audio/Tunings/Generic/Haptics/Library/hapticpatternlibrary.plist,
NSURL=file:///Library/Audio/Tunings/Generic/Haptics/Library/hapticpatternlibrary.plist,
NSUnderlyingError=0x12bacae20 {Error Domain=NSPOSIXErrorDomain Code=2 "No such
file or directory"}}
[CoreHaptics]        CHHapticPattern.mm:487   +[CHHapticPattern
patternForKey:error:]: Failed to read pattern library data: Error
Domain=NSCocoaErrorDomain Code=260 "The file “hapticpatternlibrary.plist”
couldn’t be opened because there is no such file."
UserInfo={NSFilePath=/Library/Audio/Tunings/Generic/Haptics/Library/hapticpatternlibrary.plist,
NSURL=file:///Library/Audio/Tunings/Generic/Haptics/Library/hapticpatternlibrary.plist,
NSUnderlyingError=0x12bacbdb0 {Error Domain=NSPOSIXErrorDomain Code=2 "No such
file or directory"}}
[UIKitCore] <_UIKBFeedbackGenerator: 0x125d25980>: Error creating
CHHapticPattern: Error Domain=NSCocoaErrorDomain Code=260 "The file
“hapticpatternlibrary.plist” couldn’t be opened because there is no such file."
UserInfo={NSFilePath=/Library/Audio/Tunings/Generic/Haptics/Library/hapticpatternlibrary.plist,
NSURL=file:///Library/Audio/Tunings/Generic/Haptics/Library/hapticpatternlibrary.plist,
NSUnderlyingError=0x12bacbdb0 {Error Domain=NSPOSIXErrorDomain Code=2 "No such
file or directory"}}
[CoreHaptics]        CHHapticPattern.mm:487   +[CHHapticPattern
patternForKey:error:]: Failed to read pattern library data: Error
Domain=NSCocoaErrorDomain Code=260 "The file “hapticpatternlibrary.plist”
couldn’t be opened because there is no such file."
UserInfo={NSFilePath=/Library/Audio/Tunings/Generic/Haptics/Library/hapticpatternlibrary.plist,
NSURL=file:///Library/Audio/Tunings/Generic/Haptics/Library/hapticpatternlibrary.plist,
NSUnderlyingError=0x12bacae20 {Error Domain=NSPOSIXErrorDomain Code=2 "No such
file or directory"}}
[UIKitCore] <_UIKBFeedbackGenerator: 0x125d25980>: Error creating
CHHapticPattern: Error Domain=NSCocoaErrorDomain Code=260 "The file
“hapticpatternlibrary.plist” couldn’t be opened because there is no such file."
UserInfo={NSFilePath=/Library/Audio/Tunings/Generic/Haptics/Library/hapticpatternlibrary.plist,
NSURL=file:///Library/Audio/Tunings/Generic/Haptics/Library/hapticpatternlibrary.plist,
NSUnderlyingError=0x12bacae20 {Error Domain=NSPOSIXErrorDomain Code=2 "No such
file or directory"}}
[CoreHaptics]        CHHapticPattern.mm:487   +[CHHapticPattern
patternForKey:error:]: Failed to read pattern library data: Error
Domain=NSCocoaErrorDomain Code=260 "The file “hapticpatternlibrary.plist”
couldn’t be opened because there is no such file."
UserInfo={NSFilePath=/Library/Audio/Tunings/Generic/Haptics/Library/hapticpatternlibrary.plist,
NSURL=file:///Library/Audio/Tunings/Generic/Haptics/Library/hapticpatternlibrary.plist,
NSUnderlyingError=0x12bacb0c0 {Error Domain=NSPOSIXErrorDomain Code=2 "No such
file or directory"}}
[UIKitCore] <_UIKBFeedbackGenerator: 0x125d25980>: Error creating
CHHapticPattern: Error Domain=NSCocoaErrorDomain Code=260 "The file
“hapticpatternlibrary.plist” couldn’t be opened because there is no such file."
UserInfo={NSFilePath=/Library/Audio/Tunings/Generic/Haptics/Library/hapticpatternlibrary.plist,
NSURL=file:///Library/Audio/Tunings/Generic/Haptics/Library/hapticpatternlibrary.plist,
NSUnderlyingError=0x12bacb0c0 {Error Domain=NSPOSIXErrorDomain Code=2 "No such
file or directory"}}
[CoreHaptics]        CHHapticPattern.mm:487   +[CHHapticPattern
patternForKey:error:]: Failed to read pattern library data: Error
Domain=NSCocoaErrorDomain Code=260 "The file “hapticpatternlibrary.plist”
couldn’t be opened because there is no such file."
UserInfo={NSFilePath=/Library/Audio/Tunings/Generic/Haptics/Library/hapticpatternlibrary.plist,
NSURL=file:///Library/Audio/Tunings/Generic/Haptics/Library/hapticpatternlibrary.plist,
NSUnderlyingError=0x12baca340 {Error Domain=NSPOSIXErrorDomain Code=2 "No such
file or directory"}}
[UIKitCore] <_UIKBFeedbackGenerator: 0x125d25980>: Error creating
CHHapticPattern: Error Domain=NSCocoaErrorDomain Code=260 "The file
“hapticpatternlibrary.plist” couldn’t be opened because there is no such file."
UserInfo={NSFilePath=/Library/Audio/Tunings/Generic/Haptics/Library/hapticpatternlibrary.plist,
NSURL=file:///Library/Audio/Tunings/Generic/Haptics/Library/hapticpatternlibrary.plist,
NSUnderlyingError=0x12baca340 {Error Domain=NSPOSIXErrorDomain Code=2 "No such
file or directory"}}
[CoreHaptics]        CHHapticPattern.mm:487   +[CHHapticPattern
patternForKey:error:]: Failed to read pattern library data: Error
Domain=NSCocoaErrorDomain Code=260 "The file “hapticpatternlibrary.plist”
couldn’t be opened because there is no such file."
UserInfo={NSFilePath=/Library/Audio/Tunings/Generic/Haptics/Library/hapticpatternlibrary.plist,
NSURL=file:///Library/Audio/Tunings/Generic/Haptics/Library/hapticpatternlibrary.plist,
NSUnderlyingError=0x12bacb0c0 {Error Domain=NSPOSIXErrorDomain Code=2 "No such
file or directory"}}
[UIKitCore] <_UIKBFeedbackGenerator: 0x125d25980>: Error creating
CHHapticPattern: Error Domain=NSCocoaErrorDomain Code=260 "The file
“hapticpatternlibrary.plist” couldn’t be opened because there is no such file."
UserInfo={NSFilePath=/Library/Audio/Tunings/Generic/Haptics/Library/hapticpatternlibrary.plist,
NSURL=file:///Library/Audio/Tunings/Generic/Haptics/Library/hapticpatternlibrary.plist,
NSUnderlyingError=0x12bacb0c0 {Error Domain=NSPOSIXErrorDomain Code=2 "No such
file or directory"}}
[CoreHaptics]        CHHapticPattern.mm:487   +[CHHapticPattern
patternForKey:error:]: Failed to read pattern library data: Error
Domain=NSCocoaErrorDomain Code=260 "The file “hapticpatternlibrary.plist”
couldn’t be opened because there is no such file."
UserInfo={NSFilePath=/Library/Audio/Tunings/Generic/Haptics/Library/hapticpatternlibrary.plist,
NSURL=file:///Library/Audio/Tunings/Generic/Haptics/Library/hapticpatternlibrary.plist,
NSUnderlyingError=0x12baca340 {Error Domain=NSPOSIXErrorDomain Code=2 "No such
file or directory"}}
[UIKitCore] <_UIKBFeedbackGenerator: 0x125d25980>: Error creating
CHHapticPattern: Error Domain=NSCocoaErrorDomain Code=260 "The file
“hapticpatternlibrary.plist” couldn’t be opened because there is no such file."
UserInfo={NSFilePath=/Library/Audio/Tunings/Generic/Haptics/Library/hapticpatternlibrary.plist,
NSURL=file:///Library/Audio/Tunings/Generic/Haptics/Library/hapticpatternlibrary.plist,
NSUnderlyingError=0x12baca340 {Error Domain=NSPOSIXErrorDomain Code=2 "No such
file or directory"}}
[CoreHaptics]        CHHapticPattern.mm:487   +[CHHapticPattern
patternForKey:error:]: Failed to read pattern library data: Error
Domain=NSCocoaErrorDomain Code=260 "The file “hapticpatternlibrary.plist”
couldn’t be opened because there is no such file."
UserInfo={NSFilePath=/Library/Audio/Tunings/Generic/Haptics/Library/hapticpatternlibrary.plist,
NSURL=file:///Library/Audio/Tunings/Generic/Haptics/Library/hapticpatternlibrary.plist,
NSUnderlyingError=0x12bacb0c0 {Error Domain=NSPOSIXErrorDomain Code=2 "No such
file or directory"}}
[UIKitCore] <_UIKBFeedbackGenerator: 0x125d25980>: Error creating
CHHapticPattern: Error Domain=NSCocoaErrorDomain Code=260 "The file
“hapticpatternlibrary.plist” couldn’t be opened because there is no such file."
UserInfo={NSFilePath=/Library/Audio/Tunings/Generic/Haptics/Library/hapticpatternlibrary.plist,
NSURL=file:///Library/Audio/Tunings/Generic/Haptics/Library/hapticpatternlibrary.plist,
NSUnderlyingError=0x12bacb0c0 {Error Domain=NSPOSIXErrorDomain Code=2 "No such
file or directory"}}
[CoreHaptics]        CHHapticPattern.mm:487   +[CHHapticPattern
patternForKey:error:]: Failed to read pattern library data: Error
Domain=NSCocoaErrorDomain Code=260 "The file “hapticpatternlibrary.plist”
couldn’t be opened because there is no such file."
UserInfo={NSFilePath=/Library/Audio/Tunings/Generic/Haptics/Library/hapticpatternlibrary.plist,
NSURL=file:///Library/Audio/Tunings/Generic/Haptics/Library/hapticpatternlibrary.plist,
NSUnderlyingError=0x12bbb4600 {Error Domain=NSPOSIXErrorDomain Code=2 "No such
file or directory"}}
[UIKitCore] <_UIKBFeedbackGenerator: 0x125d25980>: Error creating
CHHapticPattern: Error Domain=NSCocoaErrorDomain Code=260 "The file
“hapticpatternlibrary.plist” couldn’t be opened because there is no such file."
UserInfo={NSFilePath=/Library/Audio/Tunings/Generic/Haptics/Library/hapticpatternlibrary.plist,
NSURL=file:///Library/Audio/Tunings/Generic/Haptics/Library/hapticpatternlibrary.plist,
NSUnderlyingError=0x12bbb4600 {Error Domain=NSPOSIXErrorDomain Code=2 "No such
file or directory"}}
[CoreHaptics]        CHHapticPattern.mm:487   +[CHHapticPattern
patternForKey:error:]: Failed to read pattern library data: Error
Domain=NSCocoaErrorDomain Code=260 "The file “hapticpatternlibrary.plist”
couldn’t be opened because there is no such file."
UserInfo={NSFilePath=/Library/Audio/Tunings/Generic/Haptics/Library/hapticpatternlibrary.plist,
NSURL=file:///Library/Audio/Tunings/Generic/Haptics/Library/hapticpatternlibrary.plist,
NSUnderlyingError=0x12bbb64f0 {Error Domain=NSPOSIXErrorDomain Code=2 "No such
file or directory"}}
[UIKitCore] <_UIKBFeedbackGenerator: 0x125d25980>: Error creating
CHHapticPattern: Error Domain=NSCocoaErrorDomain Code=260 "The file
“hapticpatternlibrary.plist” couldn’t be opened because there is no such file."
UserInfo={NSFilePath=/Library/Audio/Tunings/Generic/Haptics/Library/hapticpatternlibrary.plist,
NSURL=file:///Library/Audio/Tunings/Generic/Haptics/Library/hapticpatternlibrary.plist,
NSUnderlyingError=0x12bbb64f0 {Error Domain=NSPOSIXErrorDomain Code=2 "No such
file or directory"}}
[CoreHaptics]        CHHapticPattern.mm:487   +[CHHapticPattern
patternForKey:error:]: Failed to read pattern library data: Error
Domain=NSCocoaErrorDomain Code=260 "The file “hapticpatternlibrary.plist”
couldn’t be opened because there is no such file."
UserInfo={NSFilePath=/Library/Audio/Tunings/Generic/Haptics/Library/hapticpatternlibrary.plist,
NSURL=file:///Library/Audio/Tunings/Generic/Haptics/Library/hapticpatternlibrary.plist,
NSUnderlyingError=0x12bbb4600 {Error Domain=NSPOSIXErrorDomain Code=2 "No such
file or directory"}}
[UIKitCore] <_UIKBFeedbackGenerator: 0x125d25980>: Error creating
CHHapticPattern: Error Domain=NSCocoaErrorDomain Code=260 "The file
“hapticpatternlibrary.plist” couldn’t be opened because there is no such file."
UserInfo={NSFilePath=/Library/Audio/Tunings/Generic/Haptics/Library/hapticpatternlibrary.plist,
NSURL=file:///Library/Audio/Tunings/Generic/Haptics/Library/hapticpatternlibrary.plist,
NSUnderlyingError=0x12bbb4600 {Error Domain=NSPOSIXErrorDomain Code=2 "No such
file or directory"}}
[CoreHaptics]        CHHapticPattern.mm:487   +[CHHapticPattern
patternForKey:error:]: Failed to read pattern library data: Error
Domain=NSCocoaErrorDomain Code=260 "The file “hapticpatternlibrary.plist”
couldn’t be opened because there is no such file."
UserInfo={NSFilePath=/Library/Audio/Tunings/Generic/Haptics/Library/hapticpatternlibrary.plist,
NSURL=file:///Library/Audio/Tunings/Generic/Haptics/Library/hapticpatternlibrary.plist,
NSUnderlyingError=0x12bbb64f0 {Error Domain=NSPOSIXErrorDomain Code=2 "No such
file or directory"}}
[UIKitCore] <_UIKBFeedbackGenerator: 0x125d25980>: Error creating
CHHapticPattern: Error Domain=NSCocoaErrorDomain Code=260 "The file
“hapticpatternlibrary.plist” couldn’t be opened because there is no such file."
UserInfo={NSFilePath=/Library/Audio/Tunings/Generic/Haptics/Library/hapticpatternlibrary.plist,
NSURL=file:///Library/Audio/Tunings/Generic/Haptics/Library/hapticpatternlibrary.plist,
NSUnderlyingError=0x12bbb64f0 {Error Domain=NSPOSIXErrorDomain Code=2 "No such
file or directory"}}
[CoreHaptics]        CHHapticPattern.mm:487   +[CHHapticPattern
patternForKey:error:]: Failed to read pattern library data: Error
Domain=NSCocoaErrorDomain Code=260 "The file “hapticpatternlibrary.plist”
couldn’t be opened because there is no such file."
UserInfo={NSFilePath=/Library/Audio/Tunings/Generic/Haptics/Library/hapticpatternlibrary.plist,
NSURL=file:///Library/Audio/Tunings/Generic/Haptics/Library/hapticpatternlibrary.plist,
NSUnderlyingError=0x12bbb4600 {Error Domain=NSPOSIXErrorDomain Code=2 "No such
file or directory"}}
[UIKitCore] <_UIKBFeedbackGenerator: 0x125d25980>: Error creating
CHHapticPattern: Error Domain=NSCocoaErrorDomain Code=260 "The file
“hapticpatternlibrary.plist” couldn’t be opened because there is no such file."
UserInfo={NSFilePath=/Library/Audio/Tunings/Generic/Haptics/Library/hapticpatternlibrary.plist,
NSURL=file:///Library/Audio/Tunings/Generic/Haptics/Library/hapticpatternlibrary.plist,
NSUnderlyingError=0x12bbb4600 {Error Domain=NSPOSIXErrorDomain Code=2 "No such
file or directory"}}
[CoreHaptics]        CHHapticPattern.mm:487   +[CHHapticPattern
patternForKey:error:]: Failed to read pattern library data: Error
Domain=NSCocoaErrorDomain Code=260 "The file “hapticpatternlibrary.plist”
couldn’t be opened because there is no such file."
UserInfo={NSFilePath=/Library/Audio/Tunings/Generic/Haptics/Library/hapticpatternlibrary.plist,
NSURL=file:///Library/Audio/Tunings/Generic/Haptics/Library/hapticpatternlibrary.plist,
NSUnderlyingError=0x12bbb64f0 {Error Domain=NSPOSIXErrorDomain Code=2 "No such
file or directory"}}
[UIKitCore] <_UIKBFeedbackGenerator: 0x125d25980>: Error creating
CHHapticPattern: Error Domain=NSCocoaErrorDomain Code=260 "The file
“hapticpatternlibrary.plist” couldn’t be opened because there is no such file."
UserInfo={NSFilePath=/Library/Audio/Tunings/Generic/Haptics/Library/hapticpatternlibrary.plist,
NSURL=file:///Library/Audio/Tunings/Generic/Haptics/Library/hapticpatternlibrary.plist,
NSUnderlyingError=0x12bbb64f0 {Error Domain=NSPOSIXErrorDomain Code=2 "No such
file or directory"}}
[CoreHaptics]        CHHapticPattern.mm:487   +[CHHapticPattern
patternForKey:error:]: Failed to read pattern library data: Error
Domain=NSCocoaErrorDomain Code=260 "The file “hapticpatternlibrary.plist”
couldn’t be opened because there is no such file."
UserInfo={NSFilePath=/Library/Audio/Tunings/Generic/Haptics/Library/hapticpatternlibrary.plist,
NSURL=file:///Library/Audio/Tunings/Generic/Haptics/Library/hapticpatternlibrary.plist,
NSUnderlyingError=0x12bbb4600 {Error Domain=NSPOSIXErrorDomain Code=2 "No such
file or directory"}}
[UIKitCore] <_UIKBFeedbackGenerator: 0x125d25980>: Error creating
CHHapticPattern: Error Domain=NSCocoaErrorDomain Code=260 "The file
“hapticpatternlibrary.plist” couldn’t be opened because there is no such file."
UserInfo={NSFilePath=/Library/Audio/Tunings/Generic/Haptics/Library/hapticpatternlibrary.plist,
NSURL=file:///Library/Audio/Tunings/Generic/Haptics/Library/hapticpatternlibrary.plist,
NSUnderlyingError=0x12bbb4600 {Error Domain=NSPOSIXErrorDomain Code=2 "No such
file or directory"}}
[CoreHaptics]        CHHapticPattern.mm:487   +[CHHapticPattern
patternForKey:error:]: Failed to read pattern library data: Error
Domain=NSCocoaErrorDomain Code=260 "The file “hapticpatternlibrary.plist”
couldn’t be opened because there is no such file."
UserInfo={NSFilePath=/Library/Audio/Tunings/Generic/Haptics/Library/hapticpatternlibrary.plist,
NSURL=file:///Library/Audio/Tunings/Generic/Haptics/Library/hapticpatternlibrary.plist,
NSUnderlyingError=0x12bbb64f0 {Error Domain=NSPOSIXErrorDomain Code=2 "No such
file or directory"}}
[UIKitCore] <_UIKBFeedbackGenerator: 0x125d25980>: Error creating
CHHapticPattern: Error Domain=NSCocoaErrorDomain Code=260 "The file
“hapticpatternlibrary.plist” couldn’t be opened because there is no such file."
UserInfo={NSFilePath=/Library/Audio/Tunings/Generic/Haptics/Library/hapticpatternlibrary.plist,
NSURL=file:///Library/Audio/Tunings/Generic/Haptics/Library/hapticpatternlibrary.plist,
NSUnderlyingError=0x12bbb64f0 {Error Domain=NSPOSIXErrorDomain Code=2 "No such
file or directory"}}
[CoreHaptics]        CHHapticPattern.mm:487   +[CHHapticPattern
patternForKey:error:]: Failed to read pattern library data: Error
Domain=NSCocoaErrorDomain Code=260 "The file “hapticpatternlibrary.plist”
couldn’t be opened because there is no such file."
UserInfo={NSFilePath=/Library/Audio/Tunings/Generic/Haptics/Library/hapticpatternlibrary.plist,
NSURL=file:///Library/Audio/Tunings/Generic/Haptics/Library/hapticpatternlibrary.plist,
NSUnderlyingError=0x12bbb4600 {Error Domain=NSPOSIXErrorDomain Code=2 "No such
file or directory"}}
[UIKitCore] <_UIKBFeedbackGenerator: 0x125d25980>: Error creating
CHHapticPattern: Error Domain=NSCocoaErrorDomain Code=260 "The file
“hapticpatternlibrary.plist” couldn’t be opened because there is no such file."
UserInfo={NSFilePath=/Library/Audio/Tunings/Generic/Haptics/Library/hapticpatternlibrary.plist,
NSURL=file:///Library/Audio/Tunings/Generic/Haptics/Library/hapticpatternlibrary.plist,
NSUnderlyingError=0x12bbb4600 {Error Domain=NSPOSIXErrorDomain Code=2 "No such
file or directory"}}
[CoreHaptics]        CHHapticPattern.mm:487   +[CHHapticPattern
patternForKey:error:]: Failed to read pattern library data: Error
Domain=NSCocoaErrorDomain Code=260 "The file “hapticpatternlibrary.plist”
couldn’t be opened because there is no such file."
UserInfo={NSFilePath=/Library/Audio/Tunings/Generic/Haptics/Library/hapticpatternlibrary.plist,
NSURL=file:///Library/Audio/Tunings/Generic/Haptics/Library/hapticpatternlibrary.plist,
NSUnderlyingError=0x12bbb48d0 {Error Domain=NSPOSIXErrorDomain Code=2 "No such
file or directory"}}
[UIKitCore] <_UIKBFeedbackGenerator: 0x125d25980>: Error creating
CHHapticPattern: Error Domain=NSCocoaErrorDomain Code=260 "The file
“hapticpatternlibrary.plist” couldn’t be opened because there is no such file."
UserInfo={NSFilePath=/Library/Audio/Tunings/Generic/Haptics/Library/hapticpatternlibrary.plist,
NSURL=file:///Library/Audio/Tunings/Generic/Haptics/Library/hapticpatternlibrary.plist,
NSUnderlyingError=0x12bbb48d0 {Error Domain=NSPOSIXErrorDomain Code=2 "No such
file or directory"}}
[CoreHaptics]        CHHapticPattern.mm:487   +[CHHapticPattern
patternForKey:error:]: Failed to read pattern library data: Error
Domain=NSCocoaErrorDomain Code=260 "The file “hapticpatternlibrary.plist”
couldn’t be opened because there is no such file."
UserInfo={NSFilePath=/Library/Audio/Tunings/Generic/Haptics/Library/hapticpatternlibrary.plist,
NSURL=file:///Library/Audio/Tunings/Generic/Haptics/Library/hapticpatternlibrary.plist,
NSUnderlyingError=0x12bbb4000 {Error Domain=NSPOSIXErrorDomain Code=2 "No such
file or directory"}}
[UIKitCore] <_UIKBFeedbackGenerator: 0x125d25980>: Error creating
CHHapticPattern: Error Domain=NSCocoaErrorDomain Code=260 "The file
“hapticpatternlibrary.plist” couldn’t be opened because there is no such file."
UserInfo={NSFilePath=/Library/Audio/Tunings/Generic/Haptics/Library/hapticpatternlibrary.plist,
NSURL=file:///Library/Audio/Tunings/Generic/Haptics/Library/hapticpatternlibrary.plist,
NSUnderlyingError=0x12bbb4000 {Error Domain=NSPOSIXErrorDomain Code=2 "No such
file or directory"}}
[CoreHaptics]        CHHapticPattern.mm:487   +[CHHapticPattern
patternForKey:error:]: Failed to read pattern library data: Error
Domain=NSCocoaErrorDomain Code=260 "The file “hapticpatternlibrary.plist”
couldn’t be opened because there is no such file."
UserInfo={NSFilePath=/Library/Audio/Tunings/Generic/Haptics/Library/hapticpatternlibrary.plist,
NSURL=file:///Library/Audio/Tunings/Generic/Haptics/Library/hapticpatternlibrary.plist,
NSUnderlyingError=0x12bbb4030 {Error Domain=NSPOSIXErrorDomain Code=2 "No such
file or directory"}}
[UIKitCore] <_UIKBFeedbackGenerator: 0x125d25980>: Error creating
CHHapticPattern: Error Domain=NSCocoaErrorDomain Code=260 "The file
“hapticpatternlibrary.plist” couldn’t be opened because there is no such file."
UserInfo={NSFilePath=/Library/Audio/Tunings/Generic/Haptics/Library/hapticpatternlibrary.plist,
NSURL=file:///Library/Audio/Tunings/Generic/Haptics/Library/hapticpatternlibrary.plist,
NSUnderlyingError=0x12bbb4030 {Error Domain=NSPOSIXErrorDomain Code=2 "No such
file or directory"}}
[CoreHaptics]        CHHapticPattern.mm:487   +[CHHapticPattern
patternForKey:error:]: Failed to read pattern library data: Error
Domain=NSCocoaErrorDomain Code=260 "The file “hapticpatternlibrary.plist”
couldn’t be opened because there is no such file."
UserInfo={NSFilePath=/Library/Audio/Tunings/Generic/Haptics/Library/hapticpatternlibrary.plist,
NSURL=file:///Library/Audio/Tunings/Generic/Haptics/Library/hapticpatternlibrary.plist,
NSUnderlyingError=0x12bbb4000 {Error Domain=NSPOSIXErrorDomain Code=2 "No such
file or directory"}}
[UIKitCore] <_UIKBFeedbackGenerator: 0x125d25980>: Error creating
CHHapticPattern: Error Domain=NSCocoaErrorDomain Code=260 "The file
“hapticpatternlibrary.plist” couldn’t be opened because there is no such file."
UserInfo={NSFilePath=/Library/Audio/Tunings/Generic/Haptics/Library/hapticpatternlibrary.plist,
NSURL=file:///Library/Audio/Tunings/Generic/Haptics/Library/hapticpatternlibrary.plist,
NSUnderlyingError=0x12bbb4000 {Error Domain=NSPOSIXErrorDomain Code=2 "No such
file or directory"}}
[CoreHaptics]        CHHapticPattern.mm:487   +[CHHapticPattern
patternForKey:error:]: Failed to read pattern library data: Error
Domain=NSCocoaErrorDomain Code=260 "The file “hapticpatternlibrary.plist”
couldn’t be opened because there is no such file."
UserInfo={NSFilePath=/Library/Audio/Tunings/Generic/Haptics/Library/hapticpatternlibrary.plist,
NSURL=file:///Library/Audio/Tunings/Generic/Haptics/Library/hapticpatternlibrary.plist,
NSUnderlyingError=0x12bbb4030 {Error Domain=NSPOSIXErrorDomain Code=2 "No such
file or directory"}}
[UIKitCore] <_UIKBFeedbackGenerator: 0x125d25980>: Error creating
CHHapticPattern: Error Domain=NSCocoaErrorDomain Code=260 "The file
“hapticpatternlibrary.plist” couldn’t be opened because there is no such file."
UserInfo={NSFilePath=/Library/Audio/Tunings/Generic/Haptics/Library/hapticpatternlibrary.plist,
NSURL=file:///Library/Audio/Tunings/Generic/Haptics/Library/hapticpatternlibrary.plist,
NSUnderlyingError=0x12bbb4030 {Error Domain=NSPOSIXErrorDomain Code=2 "No such
file or directory"}}
[CoreHaptics]        CHHapticPattern.mm:487   +[CHHapticPattern
patternForKey:error:]: Failed to read pattern library data: Error
Domain=NSCocoaErrorDomain Code=260 "The file “hapticpatternlibrary.plist”
couldn’t be opened because there is no such file."
UserInfo={NSFilePath=/Library/Audio/Tunings/Generic/Haptics/Library/hapticpatternlibrary.plist,
NSURL=file:///Library/Audio/Tunings/Generic/Haptics/Library/hapticpatternlibrary.plist,
NSUnderlyingError=0x12bbb4000 {Error Domain=NSPOSIXErrorDomain Code=2 "No such
file or directory"}}
[UIKitCore] <_UIKBFeedbackGenerator: 0x125d25980>: Error creating
CHHapticPattern: Error Domain=NSCocoaErrorDomain Code=260 "The file
“hapticpatternlibrary.plist” couldn’t be opened because there is no such file."
UserInfo={NSFilePath=/Library/Audio/Tunings/Generic/Haptics/Library/hapticpatternlibrary.plist,
NSURL=file:///Library/Audio/Tunings/Generic/Haptics/Library/hapticpatternlibrary.plist,
NSUnderlyingError=0x12bbb4000 {Error Domain=NSPOSIXErrorDomain Code=2 "No such
file or directory"}}
[CoreHaptics]        CHHapticPattern.mm:487   +[CHHapticPattern
patternForKey:error:]: Failed to read pattern library data: Error
Domain=NSCocoaErrorDomain Code=260 "The file “hapticpatternlibrary.plist”
couldn’t be opened because there is no such file."
UserInfo={NSFilePath=/Library/Audio/Tunings/Generic/Haptics/Library/hapticpatternlibrary.plist,
NSURL=file:///Library/Audio/Tunings/Generic/Haptics/Library/hapticpatternlibrary.plist,
NSUnderlyingError=0x12bbb4030 {Error Domain=NSPOSIXErrorDomain Code=2 "No such
file or directory"}}
[UIKitCore] <_UIKBFeedbackGenerator: 0x125d25980>: Error creating
CHHapticPattern: Error Domain=NSCocoaErrorDomain Code=260 "The file
“hapticpatternlibrary.plist” couldn’t be opened because there is no such file."
UserInfo={NSFilePath=/Library/Audio/Tunings/Generic/Haptics/Library/hapticpatternlibrary.plist,
NSURL=file:///Library/Audio/Tunings/Generic/Haptics/Library/hapticpatternlibrary.plist,
NSUnderlyingError=0x12bbb4030 {Error Domain=NSPOSIXErrorDomain Code=2 "No such
file or directory"}}
[CoreHaptics]        CHHapticPattern.mm:487   +[CHHapticPattern
patternForKey:error:]: Failed to read pattern library data: Error
Domain=NSCocoaErrorDomain Code=260 "The file “hapticpatternlibrary.plist”
couldn’t be opened because there is no such file."
UserInfo={NSFilePath=/Library/Audio/Tunings/Generic/Haptics/Library/hapticpatternlibrary.plist,
NSURL=file:///Library/Audio/Tunings/Generic/Haptics/Library/hapticpatternlibrary.plist,
NSUnderlyingError=0x12bbb6040 {Error Domain=NSPOSIXErrorDomain Code=2 "No such
file or directory"}}
[UIKitCore] <_UIKBFeedbackGenerator: 0x125d25980>: Error creating
CHHapticPattern: Error Domain=NSCocoaErrorDomain Code=260 "The file
“hapticpatternlibrary.plist” couldn’t be opened because there is no such file."
UserInfo={NSFilePath=/Library/Audio/Tunings/Generic/Haptics/Library/hapticpatternlibrary.plist,
NSURL=file:///Library/Audio/Tunings/Generic/Haptics/Library/hapticpatternlibrary.plist,
NSUnderlyingError=0x12bbb6040 {Error Domain=NSPOSIXErrorDomain Code=2 "No such
file or directory"}}
[CoreHaptics]        CHHapticPattern.mm:487   +[CHHapticPattern
patternForKey:error:]: Failed to read pattern library data: Error
Domain=NSCocoaErrorDomain Code=260 "The file “hapticpatternlibrary.plist”
couldn’t be opened because there is no such file."
UserInfo={NSFilePath=/Library/Audio/Tunings/Generic/Haptics/Library/hapticpatternlibrary.plist,
NSURL=file:///Library/Audio/Tunings/Generic/Haptics/Library/hapticpatternlibrary.plist,
NSUnderlyingError=0x12bbb4000 {Error Domain=NSPOSIXErrorDomain Code=2 "No such
file or directory"}}
[UIKitCore] <_UIKBFeedbackGenerator: 0x125d25980>: Error creating
CHHapticPattern: Error Domain=NSCocoaErrorDomain Code=260 "The file
“hapticpatternlibrary.plist” couldn’t be opened because there is no such file."
UserInfo={NSFilePath=/Library/Audio/Tunings/Generic/Haptics/Library/hapticpatternlibrary.plist,
NSURL=file:///Library/Audio/Tunings/Generic/Haptics/Library/hapticpatternlibrary.plist,
NSUnderlyingError=0x12bbb4000 {Error Domain=NSPOSIXErrorDomain Code=2 "No such
file or directory"}}
[libsystem_containermanager.dylib]
container_create_or_lookup_app_group_path_by_app_group_identifier: client is not
entitled
[libsystem_containermanager.dylib]
container_create_or_lookup_app_group_path_by_app_group_identifier: client is not
entitled
[libsystem_containermanager.dylib]
container_create_or_lookup_app_group_path_by_app_group_identifier: client is not
entitled
[libsystem_containermanager.dylib]
container_create_or_lookup_app_group_path_by_app_group_identifier: client is not
entitled
[libsystem_containermanager.dylib]
container_create_or_lookup_app_group_path_by_app_group_identifier: client is not
entitled
 WARN  [Security Warning] API traffic is using plaintext HTTP. Switch EXPO_PUBLIC_API_URL to an https:// URL before releasing to production.
 WARN  [Auth] token rejected by server — clearing session
[RemoteTextInput] -[RTIInputSystemClient
remoteTextInputSessionWithID:performInputOperation:]  perform input operation
requires a valid sessionID. inputModality = Keyboard, inputOperation = <null
selector>, customInfoType = UIEmojiSearchOperations
[RemoteTextInput] -[RTIInputSystemClient
remoteTextInputSessionWithID:performInputOperation:]  perform input operation
requires a valid sessionID. inputModality = Keyboard, inputOperation = <null
selector>, customInfoType = UIEmojiSearchOperations
 WARN  Sending `onAnimatedValueUpdate` with no listeners registered.
[RemoteTextInput] -[RTIInputSystemClient
remoteTextInputSessionWithID:performInputOperation:]  perform input operation
requires a valid sessionID. inputModality = Keyboard, inputOperation = <null
selector>, customInfoType = UIEmojiSearchOperations
[TextInputUI] Result accumulator timeout: 0.250000, exceeded.
[TextInputUI] Result accumulator timeout: 0.250000, exceeded.
[RemoteTextInput] -[RTIInputSystemClient
remoteTextInputSessionWithID:performInputOperation:]  perform input operation
requires a valid sessionID. inputModality = Keyboard, inputOperation = <null
selector>, customInfoType = UIEmojiSearchOperations

> zopmop-app@1.0.0 ios
> expo run:ios

env: load .env
env: export EXPO_PUBLIC_API_URL GOOGLE_MAPS_API_KEY
› Planning build
    Run script build phase '[CP-User] [Hermes] Replace Hermes for the right configuration, if needed' will be run during every build because it does not specify any outputs. To address this issue, either add output dependencies to the script phase, or configure it to run in every build by unchecking "Based on dependency analysis" in the script phase. (in target 'hermes-engine' from project 'Pods')
› Executing react-native Pods/hermes-engine » [CP-User] [Hermes] Replace Hermes for the right configuration, if needed
› Executing react-native Pods/ReactNativeDependencies » [CP-User] [RNDeps] Replace React Native Dependencies for the right configuration, if needed
› Preparing Pods/react-native-maps-GoogleMapsPrivacy » ResourceBundle-GoogleMapsPrivacy-react-native-maps-Info.plist
› Preparing Pods/lottie-react-native-Lottie_React_Native_Privacy » ResourceBundle-Lottie_React_Native_Privacy-lottie-react-native-Info.plist
› Preparing Pods/ExpoFileSystem-ExpoFileSystem_privacy » ResourceBundle-ExpoFileSystem_privacy-ExpoFileSystem-Info.plist
› Preparing Pods/lottie-ios-LottiePrivacyInfo » ResourceBundle-LottiePrivacyInfo-lottie-ios-Info.plist
› Preparing Pods/RNSVG-RNSVGFilters » ResourceBundle-RNSVGFilters-RNSVG-Info.plist
› Preparing expo-dev-menu-interface Pods/expo-dev-menu-interface » expo-dev-menu-interface-Info.plist
› Preparing react-native-pager-view Pods/SwiftUIIntrospect » SwiftUIIntrospect-Info.plist
› Preparing @react-native-firebase/auth Pods/RecaptchaInterop » RecaptchaInterop-Info.plist
› Preparing lottie-react-native Pods/lottie-ios » lottie-ios-Info.plist
› Preparing Pods/expo-dev-launcher-EXDevLauncher » ResourceBundle-EXDevLauncher-expo-dev-launcher-Info.plist
› Preparing Pods/React-cxxreact-React-cxxreact_privacy » ResourceBundle-React-cxxreact_privacy-React-cxxreact-Info.plist
› Preparing Pods/React-Core-React-Core_privacy » ResourceBundle-React-Core_privacy-React-Core-Info.plist
› Preparing Pods/GoogleUtilities-GoogleUtilities_Privacy » ResourceBundle-GoogleUtilities_Privacy-GoogleUtilities-Info.plist
› Preparing Pods/GoogleMaps-GoogleMapsResources » ResourceBundle-GoogleMapsResources-GoogleMaps-Info.plist
› Preparing Pods/GTMSessionFetcher-GTMSessionFetcher_Core_Privacy » ResourceBundle-GTMSessionFetcher_Core_Privacy-GTMSessionFetcher-Info.plist
› Preparing Pods/FirebaseCoreInternal-FirebaseCoreInternal_Privacy » ResourceBundle-FirebaseCoreInternal_Privacy-FirebaseCoreInternal-Info.plist
› Preparing Pods/FirebaseCoreExtension-FirebaseCoreExtension_Privacy » ResourceBundle-FirebaseCoreExtension_Privacy-FirebaseCoreExtension-Info.plist
› Preparing Pods/FirebaseCore-FirebaseCore_Privacy » ResourceBundle-FirebaseCore_Privacy-FirebaseCore-Info.plist
› Preparing @react-native-firebase/auth Pods/FirebaseAuthInterop » FirebaseAuthInterop-Info.plist
› Preparing Pods/FirebaseAuth-FirebaseAuth_Privacy » ResourceBundle-FirebaseAuth_Privacy-FirebaseAuth-Info.plist
› Preparing @react-native-firebase/auth Pods/FirebaseAppCheckInterop » FirebaseAppCheckInterop-Info.plist
› Preparing Pods/ExpoDevice-ExpoDevice_privacy » ResourceBundle-ExpoDevice_privacy-ExpoDevice-Info.plist
› Preparing expo-json-utils Pods/EXJSONUtils » EXJSONUtils-Info.plist
› Preparing zopmop-app Pods/Google-Maps-iOS-Utils » Google-Maps-iOS-Utils-Info.plist
› Preparing Pods/GoogleUtilities » GoogleUtilities-Info.plist
› Preparing Pods/GTMSessionFetcher » GTMSessionFetcher-Info.plist
› Preparing Pods/EXConstants-ExpoConstants_privacy » ResourceBundle-ExpoConstants_privacy-EXConstants-Info.plist
› Preparing @react-native-firebase/auth Pods/FirebaseCoreInternal » FirebaseCoreInternal-Info.plist
› Preparing expo-constants Pods/EXConstants-EXConstants » ResourceBundle-EXConstants-EXConstants-Info.plist
› Preparing @react-native-firebase/auth Pods/FirebaseCore » FirebaseCore-Info.plist
› Preparing @react-native-firebase/auth Pods/FirebaseCoreExtension » FirebaseCoreExtension-Info.plist
› Preparing @react-native-firebase/auth Pods/FirebaseAuth » FirebaseAuth-Info.plist
› Executing react-native Pods/React-Core-prebuilt » [CP-User] [RNDeps] Replace React Native Core for the right configuration, if needed
› Executing react-native Pods/React-RCTFBReactNativeSpec » [CP-User] [RN]Check FBReactNativeSpec
    Run script build phase 'Create Symlinks to Header Folders' will be run during every build because it does not specify any outputs. To address this issue, either add output dependencies to the script phase, or configure it to run in every build by unchecking "Based on dependency analysis" in the script phase. (in target 'ReactCodegen' from project 'Pods')
› Preparing zopmop-app Pods/ReactCodegen » ReactCodegen-Info.plist
› Preparing react-native-razorpay Pods/react-native-razorpay » react-native-razorpay-Info.plist
› Executing zopmop-app Pods/ReactCodegen » Create Symlinks to Header Folders
    Run script build phase '[CP-User] react-native-maps patches' will be run during every build because it does not specify any outputs. To address this issue, either add output dependencies to the script phase, or configure it to run in every build by unchecking "Based on dependency analysis" in the script phase. (in target 'react-native-maps' from project 'Pods')
› Preparing zopmop-app Pods/react-native-maps » react-native-maps-Info.plist
› Preparing Pods/expo-dev-menu-EXDevMenu » ResourceBundle-EXDevMenu-expo-dev-menu-Info.plist
› Preparing react-native-worklets Pods/RNWorklets » RNWorklets-Info.plist
› Preparing react-native-screens Pods/RNScreens » RNScreens-Info.plist
› Preparing react-native-gesture-handler Pods/RNGestureHandler » RNGestureHandler-Info.plist
› Preparing @react-native-firebase/app Pods/RNFBApp » RNFBApp-Info.plist
› Preparing expo-splash-screen Pods/ExpoSplashScreen » ExpoSplashScreen-Info.plist
› Preparing expo-secure-store Pods/ExpoSecureStore » ExpoSecureStore-Info.plist
› Executing zopmop-app Pods/react-native-maps » [CP-User] react-native-maps patches
› Executing react-native-worklets Pods/RNWorklets » Create Symlinks to Header Folders
› Executing expo-constants Pods/EXConstants » [CP-User] Generate app.config for prebuilt Constants.manifest
› Preparing react-native-safe-area-context Pods/react-native-safe-area-context » react-native-safe-area-context-Info.plist
› Preparing react-native-pager-view Pods/react-native-pager-view » react-native-pager-view-Info.plist
› Preparing react-native-svg Pods/RNSVG » RNSVG-Info.plist
› Preparing lottie-react-native Pods/lottie-react-native » lottie-react-native-Info.plist
› Preparing expo-location Pods/ExpoLocation » ExpoLocation-Info.plist
› Preparing @react-native-firebase/auth Pods/RNFBAuth » RNFBAuth-Info.plist
› Preparing expo-keep-awake Pods/ExpoKeepAwake » ExpoKeepAwake-Info.plist
› Preparing expo-font Pods/ExpoFont » ExpoFont-Info.plist
› Preparing expo-file-system Pods/ExpoFileSystem » ExpoFileSystem-Info.plist
› Preparing expo-device Pods/ExpoDevice » ExpoDevice-Info.plist
› Preparing expo-asset Pods/ExpoAsset » ExpoAsset-Info.plist
› Preparing expo-updates-interface Pods/EXUpdatesInterface » EXUpdatesInterface-Info.plist
› Preparing expo-manifests Pods/EXManifests » EXManifests-Info.plist
› Preparing expo-constants Pods/EXConstants » EXConstants-Info.plist
› Preparing react-native-reanimated Pods/RNReanimated » RNReanimated-Info.plist
› Preparing expo-dev-launcher Pods/expo-dev-launcher » expo-dev-launcher-Info.plist
› Executing react-native-reanimated Pods/RNReanimated » Create Symlinks to Header Folders
› Compiling react-native-maps Pods/react-native-maps » PlaceHolderGoogleMapView.mm
› Compiling react-native-maps Pods/react-native-maps » PlaceHolderPolygonView.mm
› Signing   zopmop-app Pods/react-native-maps » ReactNativeMaps.framework
› Preparing Pods/Pods-zopmopapp » Pods-zopmopapp-Info.plist
    Run script build phase '[CP-User] [RNFB] Core Configuration' will be run during every build because it does not specify any outputs. To address this issue, either add output dependencies to the script phase, or configure it to run in every build by unchecking "Based on dependency analysis" in the script phase. (in target 'zopmopapp' from project 'zopmopapp')
› Executing zopmopapp » [Expo] Configure project
› Preparing zopmopapp » Info.plist
› Linking   zopmopapp » zopmopapp.debug.dylib
› Generating debug zopmopapp » zopmopapp.app.dSYM
› Linking   zopmopapp » zopmopapp
› Generating debug zopmopapp » zopmopapp.app.dSYM
› Executing zopmopapp » Bundle React Native code and images
› Executing zopmopapp » [CP] Copy Pods Resources
› Executing zopmopapp » [CP-User] [RNFB] Core Configuration
      A firebase.json file was not found, whilst this file is optional it is recommended to include it to configure firebase services in React Native Firebase.
› Signing   zopmopapp » zopmopapp.debug.dylib
› Signing   zopmopapp » __preview.dylib
› Signing   zopmopapp » zopmopapp.app
    Run script build phase 'Create Symlinks to Header Folders' will be run during every build because it does not specify any outputs. To address this issue, either add output dependencies to the script phase, or configure it to run in every build by unchecking "Based on dependency analysis" in the script phase. (in target 'RNWorklets' from project 'Pods')
    Run script build phase 'Create Symlinks to Header Folders' will be run during every build because it does not specify any outputs. To address this issue, either add output dependencies to the script phase, or configure it to run in every build by unchecking "Based on dependency analysis" in the script phase. (in target 'RNReanimated' from project 'Pods')
› Build Succeeded

› 0 error(s), and 7 warning(s)

Starting Metro Bundler
Waiting on http://localhost:8081
› Installing /Users/adityarohilla/Library/Developer/Xcode/DerivedData/zopmopapp-anqecwiybfmfnpgbsbhxxptpdyuh/Build/Products/Debug-iphonesimulator/zopmopapp.app
› Installing on iPhone 17
› Opening on iPhone 17 (com.zopmop.app)
› Opening exp+zopmop-app://expo-development-client/?url=http%3A%2F%2F172.20.10.5%3A8081 on iPhone 17

› Logs for your project will appear below.
iOS Bundled 804ms index.ts (1775 modules)
 WARN  [Security Warning] API traffic is using plaintext HTTP. Switch EXPO_PUBLIC_API_URL to an https:// URL before releasing to production.
 INFO  [Auth] session restored from server
